*----------------------------------------------------------------------------------------
*	Innovus 21.15-s110_1 (64bit) 09/23/2022 13:08 (Linux 3.10.0-693.el7.x86_64)
*	
*
* 	Date & Time:	2026-Aug-10 11:19:30 (2026-Aug-10 05:49:30 GMT)
*
*----------------------------------------------------------------------------------------
*
*	Design: soc_top
*
*	Liberty Libraries used: 
*	        av_ss: /home/install/FOUNDRY/digital/45nm/dig/lib/slow.lib
*
*	Power Domain used: 
*              Rail:        VDD      Voltage:       1.08 
*
*       Power View : av_ss
*
*       User-Defined Activity : N.A.
*
*       Activity File: N.A.
*
*       Hierarchical Global Activity: N.A.
*
*       Global Activity: N.A.
*
*       Sequential Element Activity: 0.200000
*
*       Primary Input Activity: 0.200000
*
*       Default icg ratio: N.A.
*
*       Global Comb ClockGate Ratio: N.A.
*
*	Power Units = 1mW
*
*	Time Units = 1e-09 secs 
*
*       report_power -outfile /home/student/rt/MINISP/PNR/reports/53_final_power.rpt
*
-----------------------------------------------------------------------------------------


Total Power 
-----------------------------------------------------------------------------------------
Total Internal Power:       10.71434036 	   77.4595%
Total Switching Power:       3.11367829 	   22.5104%
Total Leakage Power:         0.00416086 	    0.0301%
Total Power:                13.83217951 
-----------------------------------------------------------------------------------------


Group                           Internal   Switching     Leakage       Total  Percentage 
                                Power      Power         Power         Power  (%)        
-----------------------------------------------------------------------------------------
Sequential                         9.881       0.448     0.00269       10.33       74.69 
Macro                                  0           0           0           0           0 
IO                                     0           0           0           0           0 
Combinational                     0.5208       0.946    0.001402       1.468       10.61 
Clock (Combinational)             0.3127        1.72   6.893e-05       2.032       14.69 
Clock (Sequential)                     0           0           0           0           0 
-----------------------------------------------------------------------------------------
Total                              10.71       3.114    0.004161       13.83         100 
-----------------------------------------------------------------------------------------


Rail                  Voltage   Internal   Switching     Leakage       Total  Percentage 
                                Power      Power         Power         Power  (%)        
-----------------------------------------------------------------------------------------
VDD                      1.08      10.71       3.114    0.004161       13.83         100 


Clock                           Internal   Switching     Leakage       Total  Percentage 
                                Power      Power         Power         Power  (%)        
-----------------------------------------------------------------------------------------
clk                               0.3127        1.72   6.893e-05       2.032       14.69 
-----------------------------------------------------------------------------------------
Total (excluding duplicates)      0.3127        1.72   6.893e-05       2.032       14.69 
-----------------------------------------------------------------------------------------
Clock: clk
Clock Period: 0.010000 usec 
Clock Toggle Rate:   200.0000 Mhz 
Clock Static Probability:  0.5000



-----------------------------------------------------------------------------------------
*	Power Distribution Summary: 
*                Highest Average Power:       CTS_ccl_a_buf_00320 (CLKBUFX12):          0.01275 
*                Highest Leakage Power:       CTS_ccl_a_buf_00330 (CLKBUFX12):        5.042e-07 
*          Total Cap:      1.85564e-10 F
*          Total instances in design: 23391
*          Total instances in design with no power:     0
*          Total instances in design with no activity:     0
*          Total Fillers and Decap:     0
-----------------------------------------------------------------------------------------

