============================================================
  Generated by:           Genus(TM) Synthesis Solution 21.14-s082_1
  Generated on:           Aug 07 2026  01:55:49 pm
  Module:                 soc_top
  Technology libraries:   slow 
                          physical_cells 
  Operating conditions:   slow 
  Interconnect mode:      global
  Area mode:              physical library
============================================================

Timing
--------

Clock  Period 
--------------
clk   10000.0 


  Cost    Critical         Violating 
 Group   Path Slack  TNS     Paths   
-------------------------------------
clk             0.2   0.0          0 
default    No paths   0.0            
-------------------------------------
Total                 0.0          0 

Instance Count
--------------
Leaf Instance Count             23673 
Physical Instance count             0 
Sequential Instance Count       10121 
Combinational Instance Count    13552 
Hierarchical Instance Count         4 

Area
----
Cell Area                          105564.046
Physical Cell Area                 0.000
Total Cell Area (Cell+Physical)    105564.046
Net Area                           34904.899
Total Area (Cell+Physical+Net)     140468.945

Max Fanout                         10121 (clk)
Min Fanout                         0 (s0_arready)
Average Fanout                     3.3
Terms to net ratio                 4.3295
Terms to instance ratio            4.5322
Runtime                            285.87310600000006 seconds
Elapsed Runtime                    292 seconds
Genus peak memory usage            2122.90 
Innovus peak memory usage          no_value 
Hostname                           localhost
