###############################################################
#  Generated by:      Cadence Innovus 21.15-s110_1
#  OS:                Linux x86_64(Host ID cad16)
#  Generated on:      Mon Aug 10 12:31:39 2026
#  Design:            soc_top
#  Command:           report_timing -early -nworst 20 > reports/51_final_hold_v2.rpt
###############################################################
Path 1: MET Hold Check with Pin u_sram_mem_reg[71][10]/CK 
Endpoint:   u_sram_mem_reg[71][10]/SI (v) checked with  leading edge of 'clk'
Beginpoint: u_sram_mem_reg[71][10]/Q  (v) triggered by  leading edge of 'clk'
Path Groups: {clk}
Analysis View: av_ff
Other End Arrival Time          0.473
+ Hold                         -0.002
+ Phase Shift                   0.000
+ Uncertainty                   0.050
= Required Time                 0.521
  Arrival Time                  0.560
  Slack Time                    0.040
     Clock Rise Edge                 0.000
     + Clock Network Latency (Prop)  0.473
     = Beginpoint Arrival Time       0.473
     +-----------------------------------------------------------------------------+ 
     |        Instance        |     Arc     |  Cell   | Delay | Arrival | Required | 
     |                        |             |         |       |  Time   |   Time   | 
     |------------------------+-------------+---------+-------+---------+----------| 
     | u_sram_mem_reg[71][10] | CK ^        |         |       |   0.473 |    0.433 | 
     | u_sram_mem_reg[71][10] | CK ^ -> Q v | SDFFQX1 | 0.088 |   0.560 |    0.521 | 
     | u_sram_mem_reg[71][10] | SI v        | SDFFQX1 | 0.000 |   0.560 |    0.521 | 
     +-----------------------------------------------------------------------------+ 
Path 2: MET Hold Check with Pin u_sram_mem_reg[22][8]/CK 
Endpoint:   u_sram_mem_reg[22][8]/SI (v) checked with  leading edge of 'clk'
Beginpoint: u_sram_mem_reg[22][8]/Q  (v) triggered by  leading edge of 'clk'
Path Groups: {clk}
Analysis View: av_ff
Other End Arrival Time          0.504
+ Hold                          0.002
+ Phase Shift                   0.000
+ Uncertainty                   0.050
= Required Time                 0.555
  Arrival Time                  0.595
  Slack Time                    0.040
     Clock Rise Edge                 0.000
     + Clock Network Latency (Prop)  0.504
     = Beginpoint Arrival Time       0.504
     +----------------------------------------------------------------------------+ 
     |       Instance        |     Arc     |  Cell   | Delay | Arrival | Required | 
     |                       |             |         |       |  Time   |   Time   | 
     |-----------------------+-------------+---------+-------+---------+----------| 
     | u_sram_mem_reg[22][8] | CK ^        |         |       |   0.504 |    0.464 | 
     | u_sram_mem_reg[22][8] | CK ^ -> Q v | SDFFQX1 | 0.092 |   0.595 |    0.555 | 
     | u_sram_mem_reg[22][8] | SI v        | SDFFQX1 | 0.000 |   0.595 |    0.555 | 
     +----------------------------------------------------------------------------+ 
Path 3: MET Hold Check with Pin u_sram_mem_reg[90][18]/CK 
Endpoint:   u_sram_mem_reg[90][18]/SI (v) checked with  leading edge of 'clk'
Beginpoint: u_sram_mem_reg[90][18]/Q  (v) triggered by  leading edge of 'clk'
Path Groups: {clk}
Analysis View: av_ff
Other End Arrival Time          0.486
+ Hold                          0.002
+ Phase Shift                   0.000
+ Uncertainty                   0.050
= Required Time                 0.538
  Arrival Time                  0.578
  Slack Time                    0.040
     Clock Rise Edge                 0.000
     + Clock Network Latency (Prop)  0.486
     = Beginpoint Arrival Time       0.486
     +-----------------------------------------------------------------------------+ 
     |        Instance        |     Arc     |  Cell   | Delay | Arrival | Required | 
     |                        |             |         |       |  Time   |   Time   | 
     |------------------------+-------------+---------+-------+---------+----------| 
     | u_sram_mem_reg[90][18] | CK ^        |         |       |   0.486 |    0.446 | 
     | u_sram_mem_reg[90][18] | CK ^ -> Q v | SDFFQX1 | 0.091 |   0.578 |    0.538 | 
     | u_sram_mem_reg[90][18] | SI v        | SDFFQX1 | 0.000 |   0.578 |    0.538 | 
     +-----------------------------------------------------------------------------+ 
Path 4: MET Hold Check with Pin u_sram_mem_reg[202][6]/CK 
Endpoint:   u_sram_mem_reg[202][6]/SI (v) checked with  leading edge of 'clk'
Beginpoint: u_sram_mem_reg[202][6]/Q  (v) triggered by  leading edge of 'clk'
Path Groups: {clk}
Analysis View: av_ff
Other End Arrival Time          0.486
+ Hold                         -0.003
+ Phase Shift                   0.000
+ Uncertainty                   0.050
= Required Time                 0.533
  Arrival Time                  0.573
  Slack Time                    0.040
     Clock Rise Edge                 0.000
     + Clock Network Latency (Prop)  0.486
     = Beginpoint Arrival Time       0.486
     +-----------------------------------------------------------------------------+ 
     |        Instance        |     Arc     |  Cell   | Delay | Arrival | Required | 
     |                        |             |         |       |  Time   |   Time   | 
     |------------------------+-------------+---------+-------+---------+----------| 
     | u_sram_mem_reg[202][6] | CK ^        |         |       |   0.486 |    0.446 | 
     | u_sram_mem_reg[202][6] | CK ^ -> Q v | SDFFQX1 | 0.087 |   0.573 |    0.533 | 
     | u_sram_mem_reg[202][6] | SI v        | SDFFQX1 | 0.000 |   0.573 |    0.533 | 
     +-----------------------------------------------------------------------------+ 
Path 5: MET Hold Check with Pin u_sram_mem_reg[182][29]/CK 
Endpoint:   u_sram_mem_reg[182][29]/SI (v) checked with  leading edge of 'clk'
Beginpoint: u_sram_mem_reg[182][29]/Q  (v) triggered by  leading edge of 'clk'
Path Groups: {clk}
Analysis View: av_ff
Other End Arrival Time          0.484
+ Hold                          0.000
+ Phase Shift                   0.000
+ Uncertainty                   0.050
= Required Time                 0.535
  Arrival Time                  0.575
  Slack Time                    0.040
     Clock Rise Edge                 0.000
     + Clock Network Latency (Prop)  0.484
     = Beginpoint Arrival Time       0.484
     +------------------------------------------------------------------------------+ 
     |        Instance         |     Arc     |  Cell   | Delay | Arrival | Required | 
     |                         |             |         |       |  Time   |   Time   | 
     |-------------------------+-------------+---------+-------+---------+----------| 
     | u_sram_mem_reg[182][29] | CK ^        |         |       |   0.484 |    0.444 | 
     | u_sram_mem_reg[182][29] | CK ^ -> Q v | SDFFQX1 | 0.090 |   0.575 |    0.535 | 
     | u_sram_mem_reg[182][29] | SI v        | SDFFQX1 | 0.000 |   0.575 |    0.535 | 
     +------------------------------------------------------------------------------+ 
Path 6: MET Hold Check with Pin u_sram_mem_reg[35][23]/CK 
Endpoint:   u_sram_mem_reg[35][23]/SI (v) checked with  leading edge of 'clk'
Beginpoint: u_sram_mem_reg[35][23]/Q  (v) triggered by  leading edge of 'clk'
Path Groups: {clk}
Analysis View: av_ff
Other End Arrival Time          0.487
+ Hold                          0.001
+ Phase Shift                   0.000
+ Uncertainty                   0.050
= Required Time                 0.538
  Arrival Time                  0.578
  Slack Time                    0.040
     Clock Rise Edge                 0.000
     + Clock Network Latency (Prop)  0.487
     = Beginpoint Arrival Time       0.487
     +-----------------------------------------------------------------------------+ 
     |        Instance        |     Arc     |  Cell   | Delay | Arrival | Required | 
     |                        |             |         |       |  Time   |   Time   | 
     |------------------------+-------------+---------+-------+---------+----------| 
     | u_sram_mem_reg[35][23] | CK ^        |         |       |   0.487 |    0.447 | 
     | u_sram_mem_reg[35][23] | CK ^ -> Q v | SDFFQX1 | 0.091 |   0.578 |    0.538 | 
     | u_sram_mem_reg[35][23] | SI v        | SDFFQX1 | 0.000 |   0.578 |    0.538 | 
     +-----------------------------------------------------------------------------+ 
Path 7: MET Hold Check with Pin u_sram_mem_reg[200][9]/CK 
Endpoint:   u_sram_mem_reg[200][9]/SI (v) checked with  leading edge of 'clk'
Beginpoint: u_sram_mem_reg[200][9]/Q  (v) triggered by  leading edge of 'clk'
Path Groups: {clk}
Analysis View: av_ff
Other End Arrival Time          0.498
+ Hold                          0.001
+ Phase Shift                   0.000
+ Uncertainty                   0.050
= Required Time                 0.549
  Arrival Time                  0.589
  Slack Time                    0.040
     Clock Rise Edge                 0.000
     + Clock Network Latency (Prop)  0.498
     = Beginpoint Arrival Time       0.498
     +-----------------------------------------------------------------------------+ 
     |        Instance        |     Arc     |  Cell   | Delay | Arrival | Required | 
     |                        |             |         |       |  Time   |   Time   | 
     |------------------------+-------------+---------+-------+---------+----------| 
     | u_sram_mem_reg[200][9] | CK ^        |         |       |   0.498 |    0.458 | 
     | u_sram_mem_reg[200][9] | CK ^ -> Q v | SDFFQX1 | 0.091 |   0.589 |    0.549 | 
     | u_sram_mem_reg[200][9] | SI v        | SDFFQX1 | 0.000 |   0.589 |    0.549 | 
     +-----------------------------------------------------------------------------+ 
Path 8: MET Hold Check with Pin u_sram_mem_reg[210][5]/CK 
Endpoint:   u_sram_mem_reg[210][5]/SI (v) checked with  leading edge of 'clk'
Beginpoint: u_sram_mem_reg[210][5]/Q  (v) triggered by  leading edge of 'clk'
Path Groups: {clk}
Analysis View: av_ff
Other End Arrival Time          0.490
+ Hold                         -0.000
+ Phase Shift                   0.000
+ Uncertainty                   0.050
= Required Time                 0.540
  Arrival Time                  0.580
  Slack Time                    0.040
     Clock Rise Edge                 0.000
     + Clock Network Latency (Prop)  0.490
     = Beginpoint Arrival Time       0.490
     +-----------------------------------------------------------------------------+ 
     |        Instance        |     Arc     |  Cell   | Delay | Arrival | Required | 
     |                        |             |         |       |  Time   |   Time   | 
     |------------------------+-------------+---------+-------+---------+----------| 
     | u_sram_mem_reg[210][5] | CK ^        |         |       |   0.490 |    0.450 | 
     | u_sram_mem_reg[210][5] | CK ^ -> Q v | SDFFQX1 | 0.090 |   0.580 |    0.540 | 
     | u_sram_mem_reg[210][5] | SI v        | SDFFQX1 | 0.000 |   0.580 |    0.540 | 
     +-----------------------------------------------------------------------------+ 
Path 9: MET Hold Check with Pin u_cpu_u_rf/regs_reg[31][22]/CK 
Endpoint:   u_cpu_u_rf/regs_reg[31][22]/D (v) checked with  leading edge of 
'clk'
Beginpoint: u_cpu_u_rf/regs_reg[31][22]/Q (v) triggered by  leading edge of 
'clk'
Path Groups: {clk}
Analysis View: av_ff
Other End Arrival Time          0.484
+ Hold                          0.003
+ Phase Shift                   0.000
+ Uncertainty                   0.050
= Required Time                 0.538
  Arrival Time                  0.578
  Slack Time                    0.040
     Clock Rise Edge                 0.000
     + Clock Network Latency (Prop)  0.484
     = Beginpoint Arrival Time       0.484
     +------------------------------------------------------------------------------------+ 
     |          Instance           |     Arc     |   Cell    | Delay | Arrival | Required | 
     |                             |             |           |       |  Time   |   Time   | 
     |-----------------------------+-------------+-----------+-------+---------+----------| 
     | u_cpu_u_rf/regs_reg[31][22] | CK ^        |           |       |   0.484 |    0.444 | 
     | u_cpu_u_rf/regs_reg[31][22] | CK ^ -> Q v | SDFFRHQX1 | 0.094 |   0.578 |    0.538 | 
     | u_cpu_u_rf/regs_reg[31][22] | D v         | SDFFRHQX1 | 0.000 |   0.578 |    0.538 | 
     +------------------------------------------------------------------------------------+ 
Path 10: MET Hold Check with Pin u_sram_mem_reg[144][20]/CK 
Endpoint:   u_sram_mem_reg[144][20]/SI (v) checked with  leading edge of 'clk'
Beginpoint: u_sram_mem_reg[144][20]/Q  (v) triggered by  leading edge of 'clk'
Path Groups: {clk}
Analysis View: av_ff
Other End Arrival Time          0.496
+ Hold                          0.001
+ Phase Shift                   0.000
+ Uncertainty                   0.050
= Required Time                 0.547
  Arrival Time                  0.587
  Slack Time                    0.040
     Clock Rise Edge                 0.000
     + Clock Network Latency (Prop)  0.496
     = Beginpoint Arrival Time       0.496
     +------------------------------------------------------------------------------+ 
     |        Instance         |     Arc     |  Cell   | Delay | Arrival | Required | 
     |                         |             |         |       |  Time   |   Time   | 
     |-------------------------+-------------+---------+-------+---------+----------| 
     | u_sram_mem_reg[144][20] | CK ^        |         |       |   0.496 |    0.455 | 
     | u_sram_mem_reg[144][20] | CK ^ -> Q v | SDFFQX1 | 0.092 |   0.587 |    0.547 | 
     | u_sram_mem_reg[144][20] | SI v        | SDFFQX1 | 0.000 |   0.587 |    0.547 | 
     +------------------------------------------------------------------------------+ 
Path 11: MET Hold Check with Pin u_sram_mem_reg[209][24]/CK 
Endpoint:   u_sram_mem_reg[209][24]/SI (v) checked with  leading edge of 'clk'
Beginpoint: u_sram_mem_reg[209][24]/Q  (v) triggered by  leading edge of 'clk'
Path Groups: {clk}
Analysis View: av_ff
Other End Arrival Time          0.488
+ Hold                         -0.000
+ Phase Shift                   0.000
+ Uncertainty                   0.050
= Required Time                 0.538
  Arrival Time                  0.578
  Slack Time                    0.040
     Clock Rise Edge                 0.000
     + Clock Network Latency (Prop)  0.488
     = Beginpoint Arrival Time       0.488
     +------------------------------------------------------------------------------+ 
     |        Instance         |     Arc     |  Cell   | Delay | Arrival | Required | 
     |                         |             |         |       |  Time   |   Time   | 
     |-------------------------+-------------+---------+-------+---------+----------| 
     | u_sram_mem_reg[209][24] | CK ^        |         |       |   0.488 |    0.448 | 
     | u_sram_mem_reg[209][24] | CK ^ -> Q v | SDFFQX1 | 0.090 |   0.578 |    0.538 | 
     | u_sram_mem_reg[209][24] | SI v        | SDFFQX1 | 0.000 |   0.578 |    0.538 | 
     +------------------------------------------------------------------------------+ 
Path 12: MET Hold Check with Pin u_sram_mem_reg[196][5]/CK 
Endpoint:   u_sram_mem_reg[196][5]/SI (v) checked with  leading edge of 'clk'
Beginpoint: u_sram_mem_reg[196][5]/Q  (v) triggered by  leading edge of 'clk'
Path Groups: {clk}
Analysis View: av_ff
Other End Arrival Time          0.485
+ Hold                         -0.003
+ Phase Shift                   0.000
+ Uncertainty                   0.050
= Required Time                 0.532
  Arrival Time                  0.573
  Slack Time                    0.040
     Clock Rise Edge                 0.000
     + Clock Network Latency (Prop)  0.485
     = Beginpoint Arrival Time       0.485
     +-----------------------------------------------------------------------------+ 
     |        Instance        |     Arc     |  Cell   | Delay | Arrival | Required | 
     |                        |             |         |       |  Time   |   Time   | 
     |------------------------+-------------+---------+-------+---------+----------| 
     | u_sram_mem_reg[196][5] | CK ^        |         |       |   0.485 |    0.445 | 
     | u_sram_mem_reg[196][5] | CK ^ -> Q v | SDFFQX1 | 0.088 |   0.573 |    0.532 | 
     | u_sram_mem_reg[196][5] | SI v        | SDFFQX1 | 0.000 |   0.573 |    0.532 | 
     +-----------------------------------------------------------------------------+ 
Path 13: MET Hold Check with Pin u_sram_mem_reg[29][30]/CK 
Endpoint:   u_sram_mem_reg[29][30]/SI (v) checked with  leading edge of 'clk'
Beginpoint: u_sram_mem_reg[29][30]/Q  (v) triggered by  leading edge of 'clk'
Path Groups: {clk}
Analysis View: av_ff
Other End Arrival Time          0.500
+ Hold                          0.001
+ Phase Shift                   0.000
+ Uncertainty                   0.050
= Required Time                 0.551
  Arrival Time                  0.591
  Slack Time                    0.040
     Clock Rise Edge                 0.000
     + Clock Network Latency (Prop)  0.500
     = Beginpoint Arrival Time       0.500
     +-----------------------------------------------------------------------------+ 
     |        Instance        |     Arc     |  Cell   | Delay | Arrival | Required | 
     |                        |             |         |       |  Time   |   Time   | 
     |------------------------+-------------+---------+-------+---------+----------| 
     | u_sram_mem_reg[29][30] | CK ^        |         |       |   0.500 |    0.460 | 
     | u_sram_mem_reg[29][30] | CK ^ -> Q v | SDFFQX1 | 0.091 |   0.591 |    0.551 | 
     | u_sram_mem_reg[29][30] | SI v        | SDFFQX1 | 0.000 |   0.591 |    0.551 | 
     +-----------------------------------------------------------------------------+ 
Path 14: MET Hold Check with Pin u_sram_mem_reg[90][1]/CK 
Endpoint:   u_sram_mem_reg[90][1]/SI (v) checked with  leading edge of 'clk'
Beginpoint: u_sram_mem_reg[90][1]/Q  (v) triggered by  leading edge of 'clk'
Path Groups: {clk}
Analysis View: av_ff
Other End Arrival Time          0.488
+ Hold                          0.001
+ Phase Shift                   0.000
+ Uncertainty                   0.050
= Required Time                 0.539
  Arrival Time                  0.579
  Slack Time                    0.040
     Clock Rise Edge                 0.000
     + Clock Network Latency (Prop)  0.488
     = Beginpoint Arrival Time       0.488
     +----------------------------------------------------------------------------+ 
     |       Instance        |     Arc     |  Cell   | Delay | Arrival | Required | 
     |                       |             |         |       |  Time   |   Time   | 
     |-----------------------+-------------+---------+-------+---------+----------| 
     | u_sram_mem_reg[90][1] | CK ^        |         |       |   0.488 |    0.447 | 
     | u_sram_mem_reg[90][1] | CK ^ -> Q v | SDFFQX1 | 0.092 |   0.579 |    0.539 | 
     | u_sram_mem_reg[90][1] | SI v        | SDFFQX1 | 0.000 |   0.579 |    0.539 | 
     +----------------------------------------------------------------------------+ 
Path 15: MET Hold Check with Pin u_sram_mem_reg[168][10]/CK 
Endpoint:   u_sram_mem_reg[168][10]/SI (v) checked with  leading edge of 'clk'
Beginpoint: u_sram_mem_reg[168][10]/Q  (v) triggered by  leading edge of 'clk'
Path Groups: {clk}
Analysis View: av_ff
Other End Arrival Time          0.497
+ Hold                          0.001
+ Phase Shift                   0.000
+ Uncertainty                   0.050
= Required Time                 0.547
  Arrival Time                  0.588
  Slack Time                    0.040
     Clock Rise Edge                 0.000
     + Clock Network Latency (Prop)  0.497
     = Beginpoint Arrival Time       0.497
     +------------------------------------------------------------------------------+ 
     |        Instance         |     Arc     |  Cell   | Delay | Arrival | Required | 
     |                         |             |         |       |  Time   |   Time   | 
     |-------------------------+-------------+---------+-------+---------+----------| 
     | u_sram_mem_reg[168][10] | CK ^        |         |       |   0.497 |    0.457 | 
     | u_sram_mem_reg[168][10] | CK ^ -> Q v | SDFFQX1 | 0.091 |   0.588 |    0.547 | 
     | u_sram_mem_reg[168][10] | SI v        | SDFFQX1 | 0.000 |   0.588 |    0.547 | 
     +------------------------------------------------------------------------------+ 
Path 16: MET Hold Check with Pin u_sram_mem_reg[157][23]/CK 
Endpoint:   u_sram_mem_reg[157][23]/SI (v) checked with  leading edge of 'clk'
Beginpoint: u_sram_mem_reg[157][23]/Q  (v) triggered by  leading edge of 'clk'
Path Groups: {clk}
Analysis View: av_ff
Other End Arrival Time          0.494
+ Hold                          0.001
+ Phase Shift                   0.000
+ Uncertainty                   0.050
= Required Time                 0.545
  Arrival Time                  0.585
  Slack Time                    0.040
     Clock Rise Edge                 0.000
     + Clock Network Latency (Prop)  0.494
     = Beginpoint Arrival Time       0.494
     +------------------------------------------------------------------------------+ 
     |        Instance         |     Arc     |  Cell   | Delay | Arrival | Required | 
     |                         |             |         |       |  Time   |   Time   | 
     |-------------------------+-------------+---------+-------+---------+----------| 
     | u_sram_mem_reg[157][23] | CK ^        |         |       |   0.494 |    0.454 | 
     | u_sram_mem_reg[157][23] | CK ^ -> Q v | SDFFQX1 | 0.091 |   0.585 |    0.545 | 
     | u_sram_mem_reg[157][23] | SI v        | SDFFQX1 | 0.000 |   0.585 |    0.545 | 
     +------------------------------------------------------------------------------+ 
Path 17: MET Hold Check with Pin u_sram_mem_reg[191][9]/CK 
Endpoint:   u_sram_mem_reg[191][9]/SI (v) checked with  leading edge of 'clk'
Beginpoint: u_sram_mem_reg[191][9]/Q  (v) triggered by  leading edge of 'clk'
Path Groups: {clk}
Analysis View: av_ff
Other End Arrival Time          0.484
+ Hold                         -0.003
+ Phase Shift                   0.000
+ Uncertainty                   0.050
= Required Time                 0.531
  Arrival Time                  0.571
  Slack Time                    0.040
     Clock Rise Edge                 0.000
     + Clock Network Latency (Prop)  0.484
     = Beginpoint Arrival Time       0.484
     +-----------------------------------------------------------------------------+ 
     |        Instance        |     Arc     |  Cell   | Delay | Arrival | Required | 
     |                        |             |         |       |  Time   |   Time   | 
     |------------------------+-------------+---------+-------+---------+----------| 
     | u_sram_mem_reg[191][9] | CK ^        |         |       |   0.484 |    0.443 | 
     | u_sram_mem_reg[191][9] | CK ^ -> Q v | SDFFQX1 | 0.088 |   0.571 |    0.531 | 
     | u_sram_mem_reg[191][9] | SI v        | SDFFQX1 | 0.000 |   0.571 |    0.531 | 
     +-----------------------------------------------------------------------------+ 
Path 18: MET Hold Check with Pin u_sram_mem_reg[169][0]/CK 
Endpoint:   u_sram_mem_reg[169][0]/SI (v) checked with  leading edge of 'clk'
Beginpoint: u_sram_mem_reg[169][0]/Q  (v) triggered by  leading edge of 'clk'
Path Groups: {clk}
Analysis View: av_ff
Other End Arrival Time          0.490
+ Hold                          0.001
+ Phase Shift                   0.000
+ Uncertainty                   0.050
= Required Time                 0.541
  Arrival Time                  0.581
  Slack Time                    0.040
     Clock Rise Edge                 0.000
     + Clock Network Latency (Prop)  0.490
     = Beginpoint Arrival Time       0.490
     +-----------------------------------------------------------------------------+ 
     |        Instance        |     Arc     |  Cell   | Delay | Arrival | Required | 
     |                        |             |         |       |  Time   |   Time   | 
     |------------------------+-------------+---------+-------+---------+----------| 
     | u_sram_mem_reg[169][0] | CK ^        |         |       |   0.490 |    0.449 | 
     | u_sram_mem_reg[169][0] | CK ^ -> Q v | SDFFQX1 | 0.091 |   0.581 |    0.541 | 
     | u_sram_mem_reg[169][0] | SI v        | SDFFQX1 | 0.000 |   0.581 |    0.541 | 
     +-----------------------------------------------------------------------------+ 
Path 19: MET Hold Check with Pin u_sram_mem_reg[29][22]/CK 
Endpoint:   u_sram_mem_reg[29][22]/SI (v) checked with  leading edge of 'clk'
Beginpoint: u_sram_mem_reg[29][22]/Q  (v) triggered by  leading edge of 'clk'
Path Groups: {clk}
Analysis View: av_ff
Other End Arrival Time          0.500
+ Hold                          0.000
+ Phase Shift                   0.000
+ Uncertainty                   0.050
= Required Time                 0.550
  Arrival Time                  0.591
  Slack Time                    0.040
     Clock Rise Edge                 0.000
     + Clock Network Latency (Prop)  0.500
     = Beginpoint Arrival Time       0.500
     +-----------------------------------------------------------------------------+ 
     |        Instance        |     Arc     |  Cell   | Delay | Arrival | Required | 
     |                        |             |         |       |  Time   |   Time   | 
     |------------------------+-------------+---------+-------+---------+----------| 
     | u_sram_mem_reg[29][22] | CK ^        |         |       |   0.500 |    0.460 | 
     | u_sram_mem_reg[29][22] | CK ^ -> Q v | SDFFQX1 | 0.090 |   0.591 |    0.550 | 
     | u_sram_mem_reg[29][22] | SI v        | SDFFQX1 | 0.000 |   0.591 |    0.550 | 
     +-----------------------------------------------------------------------------+ 
Path 20: MET Hold Check with Pin u_sram_mem_reg[124][8]/CK 
Endpoint:   u_sram_mem_reg[124][8]/SI (v) checked with  leading edge of 'clk'
Beginpoint: u_sram_mem_reg[124][8]/Q  (v) triggered by  leading edge of 'clk'
Path Groups: {clk}
Analysis View: av_ff
Other End Arrival Time          0.497
+ Hold                         -0.000
+ Phase Shift                   0.000
+ Uncertainty                   0.050
= Required Time                 0.547
  Arrival Time                  0.588
  Slack Time                    0.040
     Clock Rise Edge                 0.000
     + Clock Network Latency (Prop)  0.497
     = Beginpoint Arrival Time       0.497
     +-----------------------------------------------------------------------------+ 
     |        Instance        |     Arc     |  Cell   | Delay | Arrival | Required | 
     |                        |             |         |       |  Time   |   Time   | 
     |------------------------+-------------+---------+-------+---------+----------| 
     | u_sram_mem_reg[124][8] | CK ^        |         |       |   0.497 |    0.457 | 
     | u_sram_mem_reg[124][8] | CK ^ -> Q v | SDFFQX1 | 0.090 |   0.588 |    0.547 | 
     | u_sram_mem_reg[124][8] | SI v        | SDFFQX1 | 0.000 |   0.588 |    0.547 | 
     +-----------------------------------------------------------------------------+ 

