============================================================
  Generated by:           Genus(TM) Synthesis Solution 21.14-s082_1
  Generated on:           Aug 07 2026  01:51:02 pm
  Module:                 soc_top
  Technology libraries:   slow 
                          physical_cells 
  Operating conditions:   slow 
  Interconnect mode:      global
  Area mode:              physical library
============================================================


 Clock Description
 ----------------- 

 Clock                             Clock    Source     No of   
 Name    Period   Rise    Fall     Domain  Pin/Port  Registers 
---------------------------------------------------------------
 clk     10000.0   0.0   5000.0   domain_1   clk         10294 

 Clock Network Latency / Setup Uncertainty
 ----------------------------------------- 

        Network   Network   Source   Source     Setup        Setup    
Clock   Latency   Latency  Latency  Latency  Uncertainty  Uncertainty 
 Name    Rise      Fall      Rise     Fall       Rise         Fall    
----------------------------------------------------------------------
clk       500.0     500.0      0.0      0.0        200.0        200.0 

 Clock Relationship (with uncertainty & latency)
 ----------------------------------------------- 

  From    To    R->R     R->F     F->R     F->F  
-------------------------------------------------
  clk    clk   9800.0   4800.0   4800.0   9800.0 
