============================================================
  Generated by:           Genus(TM) Synthesis Solution 21.14-s082_1
  Generated on:           Aug 07 2026  01:52:58 pm
  Module:                 soc_top
  Technology libraries:   slow 
                          physical_cells 
  Operating conditions:   slow 
  Interconnect mode:      global
  Area mode:              physical library
============================================================

                        Instance                                     Module              Cell Count  Cell Area  Net Area   Total Area 
--------------------------------------------------------------------------------------------------------------------------------------
soc_top                                                                                       71258 257724.919     0.741   257725.660 
  u_accel                                                accel_top                            12360  37198.030     0.000    37198.030 
    u_sa                                                 systolic_array                       10828  30237.830     0.000    30237.830 
      csa_tree_ADD_TC_OP_5_groupi                        csa_tree_ADD_TC_OP_5_group_17         2657   7092.330     0.000     7092.330 
      csa_tree_ADD_TC_OP_12_groupi                       csa_tree_ADD_TC_OP_12_group_15        2657   7092.330     0.000     7092.330 
      csa_tree_ADD_TC_OP_19_groupi                       csa_tree_ADD_TC_OP_19_group_13        2657   7092.330     0.000     7092.330 
      csa_tree_ADD_TC_OP_26_groupi                       csa_tree_ADD_TC_OP_26_group_11        2657   7092.330     0.000     7092.330 
  u_cpu_add_155_44                                       add_unsigned_563                       139    371.033     0.000      371.033 
  u_cpu_add_156_44                                       add_unsigned_561                       189    504.498     0.000      504.498 
  u_cpu_add_167_30_Y_u_cpu_add_165_34_Y_u_cpu_add_163_30 add_unsigned_202_4                     295    787.443     0.000      787.443 
  u_cpu_u_alu_lt_23_43                                   lt_signed_rtlopto_model_1442           151    403.064     0.000      403.064 
  u_cpu_u_alu_lt_24_34                                   lt_unsigned_rtlopto_model_1443         151    403.064     0.000      403.064 
  u_cpu_u_alu_sll_20_33                                  shift_left_vlog_unsigned               393   1049.035     0.000     1049.035 
  u_cpu_u_alu_sra_22_42                                  arith_shift_right_vlog_signed          417   1113.098     0.000     1113.098 
  u_cpu_u_alu_srl_21_33                                  shift_right_vlog_unsigned              393   1049.035     0.000     1049.035 
  u_cpu_u_alu_sub_16_33_Y_u_cpu_u_alu_add_15_33          addsub_unsigned_1359                   410   1094.413     0.000     1094.413 
  u_cpu_u_rf                                             reg_file                              4173  17758.853     0.000    17758.853 
  u_imem                                                 imem_rom                               139    367.029     0.000      367.029 
