============================================================
  Generated by:           Genus(TM) Synthesis Solution 21.14-s082_1
  Generated on:           Aug 07 2026  01:52:58 pm
  Module:                 soc_top
  Technology libraries:   slow 
                          physical_cells 
  Operating conditions:   slow 
  Interconnect mode:      global
  Area mode:              physical library
============================================================

        Pin                    Type          Fanout Load Slew Delay Arrival   
                                                    (fF) (ps)  (ps)   (ps)    
------------------------------------------------------------------------------
(clock clk)               launch                                          0 R 
                          latency                              +500     500 R 
u_cpu_ir_reg[2]/clk                                       100    +0     500 R 
u_cpu_ir_reg[2]/q    (u)  unmapped_d_flop        19 41.8    0  +472     972 R 
g38908/in_0                                                      +0     972   
g38908/z             (u)  unmapped_complex2       2  4.4    0   +70    1042 R 
g38909/in_1                                                      +0    1042   
g38909/z             (u)  unmapped_nand2          3  6.6    0   +80    1122 F 
g38888/in_0                                                      +0    1122   
g38888/z             (u)  unmapped_complex2       1  2.2    0   +59    1181 R 
g38880/in_0                                                      +0    1181   
g38880/z             (u)  unmapped_complex2       1  2.2    0   +59    1240 F 
g38870/in_1                                                      +0    1240   
g38870/z             (u)  unmapped_complex2      33 13.2    0  +140    1381 F 
g38863/in_0                                                      +0    1381   
g38863/z             (u)  unmapped_nand2          1  2.2    0   +59    1440 R 
g38856/in_1                                                      +0    1440   
g38856/z             (u)  unmapped_complex2     199 33.0    0  +199    1638 F 
u_cpu_u_alu_sub_16_33_Y_u_cpu_u_alu_add_15_33/B[0] 
  g1773/in_0                                                     +0    1638   
  g1773/z            (u)  unmapped_complex2       1  2.2    0   +59    1698 R 
  g1774/in_1                                                     +0    1698   
  g1774/z            (u)  unmapped_nand2          3  6.6    0   +80    1778 F 
  g1752/in_1                                                     +0    1778   
  g1752/z            (u)  unmapped_nand2          1  2.2    0   +59    1837 R 
  g1721/in_0                                                     +0    1837   
  g1721/z            (u)  unmapped_nand2          3  6.6    0   +80    1917 F 
  g1673/in_1                                                     +0    1917   
  g1673/z            (u)  unmapped_nand2          1  2.2    0   +59    1976 R 
  g1664/in_0                                                     +0    1976   
  g1664/z            (u)  unmapped_nand2          3  6.6    0   +80    2056 F 
  g1660/in_1                                                     +0    2056   
  g1660/z            (u)  unmapped_nand2          1  2.2    0   +59    2115 R 
  g1654/in_1                                                     +0    2115   
  g1654/z            (u)  unmapped_nand2          3  6.6    0   +80    2195 F 
  g1646/in_1                                                     +0    2195   
  g1646/z            (u)  unmapped_nand2          1  2.2    0   +59    2254 R 
  g1639/in_0                                                     +0    2254   
  g1639/z            (u)  unmapped_nand2          4  8.8    0   +88    2342 F 
  g1634/in_0                                                     +0    2342   
  g1634/z            (u)  unmapped_complex2       1  2.2    0   +59    2402 R 
  g1632/in_0                                                     +0    2402   
  g1632/z            (u)  unmapped_complex2       3  6.6    0   +80    2482 F 
  g1629/in_1                                                     +0    2482   
  g1629/z            (u)  unmapped_nand2          1  2.2    0   +59    2541 R 
  g1620/in_1                                                     +0    2541   
  g1620/z            (u)  unmapped_nand2          3  6.6    0   +80    2621 F 
  g1619/in_0                                                     +0    2621   
  g1619/z            (u)  unmapped_nand2          1  2.2    0   +59    2680 R 
  g1615/in_0                                                     +0    2680   
  g1615/z            (u)  unmapped_nand2          5 11.0    0   +93    2773 F 
  g1610/in_0                                                     +0    2773   
  g1610/z            (u)  unmapped_complex2       1  2.2    0   +59    2832 R 
  g1607/in_0                                                     +0    2832   
  g1607/z            (u)  unmapped_complex2       4  8.8    0   +88    2920 F 
  g1598/in_0                                                     +0    2920   
  g1598/z            (u)  unmapped_complex2       1  2.2    0   +59    2979 R 
  g1592/in_0                                                     +0    2979   
  g1592/z            (u)  unmapped_complex2       3  6.6    0   +80    3059 F 
  g1581/in_1                                                     +0    3059   
  g1581/z            (u)  unmapped_nand2          1  2.2    0   +59    3118 R 
  g1580/in_1                                                     +0    3118   
  g1580/z            (u)  unmapped_nand2          3  6.6    0   +80    3198 F 
  g1579/in_0                                                     +0    3198   
  g1579/z            (u)  unmapped_nand2          1  2.2    0   +59    3258 R 
  g1575/in_1                                                     +0    3258   
  g1575/z            (u)  unmapped_nand2          7 15.4    0  +110    3367 F 
  g1572/in_0                                                     +0    3367   
  g1572/z            (u)  unmapped_complex2       1  2.2    0   +59    3427 R 
  g1565/in_0                                                     +0    3427   
  g1565/z            (u)  unmapped_complex2       6 13.2    0  +102    3528 F 
  g1544/in_0                                                     +0    3528   
  g1544/z            (u)  unmapped_complex2       1  2.2    0   +59    3588 R 
  g1539/in_0                                                     +0    3588   
  g1539/z            (u)  unmapped_nand2          1  2.2    0   +59    3647 F 
  g1518/in_0                                                     +0    3647   
  g1518/z            (u)  unmapped_nand2          1  2.2    0   +59    3706 R 
  g1502/in_0                                                     +0    3706   
  g1502/z            (u)  unmapped_complex2       1  2.2    0   +59    3765 F 
  g1500/in_0                                                     +0    3765   
  g1500/z            (u)  unmapped_nand2          1  2.2    0   +59    3824 R 
  g1496/in_1                                                     +0    3824   
  g1496/z            (u)  unmapped_nand2          2  4.4    0   +70    3894 F 
  g1494/in_0                                                     +0    3894   
  g1494/z            (u)  unmapped_or2            1  2.2    0   +59    3953 F 
  g1495/in_1                                                     +0    3953   
  g1495/z            (u)  unmapped_nand2          1  2.2    0   +59    4013 R 
u_cpu_u_alu_sub_16_33_Y_u_cpu_u_alu_add_15_33/Z[31] 
g41196/in_0                                                      +0    4013   
g41196/z             (u)  unmapped_nand2          1  2.2    0   +59    4072 F 
g40630/in_1                                                      +0    4072   
g40630/z             (u)  unmapped_complex2       2  4.4    0   +70    4142 R 
g40564/in_1                                                      +0    4142   
g40564/z             (u)  unmapped_or2            1  2.2    0   +59    4201 R 
g40555/in_0                                                      +0    4201   
g40555/z             (u)  unmapped_or2            1  2.2    0   +59    4260 R 
g40551/in_1                                                      +0    4260   
g40551/z             (u)  unmapped_or2            1  2.2    0   +59    4319 R 
g40550/in_0                                                      +0    4319   
g40550/z             (u)  unmapped_or2            1  2.2    0   +59    4378 R 
g40549/in_0                                                      +0    4378   
g40549/z             (u)  unmapped_nand2          9 19.8    0  +121    4500 F 
g40543/in_0                                                      +0    4500   
g40543/z             (u)  unmapped_nand2          1  2.2    0   +59    4559 R 
g40539/in_1                                                      +0    4559   
g40539/z             (u)  unmapped_nand2          2  4.4    0   +70    4629 F 
u_cpu_add_167_30_Y_u_cpu_add_165_34_Y_u_cpu_add_163_30/A[1] 
  g1711/in_0                                                     +0    4629   
  g1711/z            (u)  unmapped_or2            2  4.4    0   +70    4698 F 
  g1666/in_1                                                     +0    4698   
  g1666/z            (u)  unmapped_complex2       1  2.2    0   +59    4758 R 
  g1654/in_0                                                     +0    4758   
  g1654/z            (u)  unmapped_nand2          3  6.6    0   +80    4838 F 
  g1639/in_1                                                     +0    4838   
  g1639/z            (u)  unmapped_nand2          1  2.2    0   +59    4897 R 
  g1630/in_1                                                     +0    4897   
  g1630/z            (u)  unmapped_nand2          3  6.6    0   +80    4977 F 
  g1625/in_1                                                     +0    4977   
  g1625/z            (u)  unmapped_nand2          1  2.2    0   +59    5036 R 
  g1620/in_0                                                     +0    5036   
  g1620/z            (u)  unmapped_nand2          4  8.8    0   +88    5124 F 
  g1614/in_0                                                     +0    5124   
  g1614/z            (u)  unmapped_complex2       1  2.2    0   +59    5183 R 
  g1611/in_0                                                     +0    5183   
  g1611/z            (u)  unmapped_complex2       3  6.6    0   +80    5263 F 
  g1603/in_1                                                     +0    5263   
  g1603/z            (u)  unmapped_nand2          1  2.2    0   +59    5322 R 
  g1602/in_1                                                     +0    5322   
  g1602/z            (u)  unmapped_nand2          3  6.6    0   +80    5402 F 
  g1601/in_0                                                     +0    5402   
  g1601/z            (u)  unmapped_nand2          1  2.2    0   +59    5462 R 
  g1597/in_1                                                     +0    5462   
  g1597/z            (u)  unmapped_nand2          5 11.0    0   +93    5555 F 
  g1591/in_0                                                     +0    5555   
  g1591/z            (u)  unmapped_complex2       1  2.2    0   +59    5614 R 
  g1588/in_0                                                     +0    5614   
  g1588/z            (u)  unmapped_complex2       4  8.8    0   +88    5702 F 
  g1580/in_0                                                     +0    5702   
  g1580/z            (u)  unmapped_complex2       1  2.2    0   +59    5761 R 
  g1574/in_0                                                     +0    5761   
  g1574/z            (u)  unmapped_complex2       3  6.6    0   +80    5841 F 
  g1572/in_1                                                     +0    5841   
  g1572/z            (u)  unmapped_nand2          1  2.2    0   +59    5900 R 
  g1562/in_1                                                     +0    5900   
  g1562/z            (u)  unmapped_nand2          3  6.6    0   +80    5980 F 
  g1558/in_1                                                     +0    5980   
  g1558/z            (u)  unmapped_nand2          1  2.2    0   +59    6039 R 
  g1557/in_1                                                     +0    6039   
  g1557/z            (u)  unmapped_nand2          3  6.6    0   +80    6119 F 
  g1553/in_1                                                     +0    6119   
  g1553/z            (u)  unmapped_nand2          3  6.6    0   +80    6199 R 
  g1550/in_0                                                     +0    6199   
  g1550/z            (u)  unmapped_or2            2  4.4    0   +70    6269 R 
  g1546/in_0                                                     +0    6269   
  g1546/z            (u)  unmapped_or2            1  2.2    0   +59    6328 R 
  g1536/in_1                                                     +0    6328   
  g1536/z            (u)  unmapped_complex2       6 13.2    0  +102    6430 F 
  g1531/in_0                                                     +0    6430   
  g1531/z            (u)  unmapped_complex2       3  6.6    0   +80    6510 R 
  g1518/in_0                                                     +0    6510   
  g1518/z            (u)  unmapped_or2            1  2.2    0   +59    6569 R 
  g1505/in_0                                                     +0    6569   
  g1505/z            (u)  unmapped_complex2       2  4.4    0   +70    6639 F 
  g1486/in_0                                                     +0    6639   
  g1486/z            (u)  unmapped_or2            1  2.2    0   +59    6698 F 
  g1487/in_1                                                     +0    6698   
  g1487/z            (u)  unmapped_nand2          1  2.2    0   +59    6758 R 
u_cpu_add_167_30_Y_u_cpu_add_165_34_Y_u_cpu_add_163_30/Z[30] 
g133390/in_1                                                     +0    6758   
g133390/z            (u)  unmapped_nand2          1  2.2    0   +59    6817 F 
g121346/in_0                                                     +0    6817   
g121346/z            (u)  unmapped_complex2       1  2.2    0   +59    6876 R 
u_cpu_pc_reg[30]/d   <<<  unmapped_d_flop                        +0    6876   
u_cpu_pc_reg[30]/clk      setup                           100   +88    6964 R 
- - - - - - - - - - - - - - - - - - - - - - - - - - - - - - - - - - - - - - - 
(clock clk)               capture                                     10000 R 
                          latency                              +500   10500 R 
                          uncertainty                          -200   10300 R 
------------------------------------------------------------------------------
Cost Group   : 'clk' (path_group 'clk')
Timing slack :    3336ps 
Start-point  : u_cpu_ir_reg[2]/clk
End-point    : u_cpu_pc_reg[30]/d

(u) : Net has unmapped pin(s).

