============================================================
  Generated by:           Genus(TM) Synthesis Solution 21.14-s082_1
  Generated on:           Aug 07 2026  01:55:30 pm
  Module:                 soc_top
  Technology libraries:   slow 
                          physical_cells 
  Operating conditions:   slow 
  Interconnect mode:      global
  Area mode:              physical library
============================================================

                             Pin                                      Type       Fanout Load Slew Delay Arrival   
                                                                                        (fF) (ps)  (ps)   (ps)    
------------------------------------------------------------------------------------------------------------------
(clock clk)                                                         launch                                    0 R 
                                                                    latency                        +500     500 R 
u_cpu_ir_reg[4]/CK                                                                            100    +0     500 R 
u_cpu_ir_reg[4]/Q                                                   SDFFRX2           7 29.6  250  +433     933 R 
g160926/A                                                                                            +0     933   
g160926/Y                                                           CLKINVX8          5 24.0  102  +112    1045 F 
g160918/B                                                                                            +0    1045   
g160918/Y                                                           CLKAND2X6         2 11.0   52  +107    1152 F 
g160908/B                                                                                            +0    1152   
g160908/Y                                                           NAND2X6           4 16.3  117   +48    1200 R 
g159929/B                                                                                            +0    1200   
g159929/Y                                                           NOR2X4            2  9.6   64   +73    1273 F 
g159943/B                                                                                            +0    1273   
g159943/Y                                                           NAND2X4           2  7.2   71   +46    1319 R 
g654898/A                                                                                            +0    1319   
g654898/Y                                                           INVXL             1  8.5  264  +162    1481 F 
g159918/B                                                                                            +0    1481   
g159918/Y                                                           NOR2X6            1  8.4  111  +116    1596 R 
g159917/B                                                                                            +0    1597   
g159917/Y                                                           NOR2X6            2 17.2  106   +75    1672 F 
u_cpu_u_alu_sub_16_33_Y_u_cpu_u_alu_add_15_33_g4235/A                                                +0    1672   
u_cpu_u_alu_sub_16_33_Y_u_cpu_u_alu_add_15_33_g4235/Y               CLKINVX12         6 27.4   57   +61    1732 R 
u_cpu_u_alu_sub_16_33_Y_u_cpu_u_alu_add_15_33_g4234/A                                                +0    1732   
u_cpu_u_alu_sub_16_33_Y_u_cpu_u_alu_add_15_33_g4234/Y               CLKINVX12        13 43.3   73   +59    1792 F 
u_cpu_u_alu_sub_16_33_Y_u_cpu_u_alu_add_15_33_g4248/A                                                +0    1792   
u_cpu_u_alu_sub_16_33_Y_u_cpu_u_alu_add_15_33_g4248/Y               MXI2X2            2 11.8  104  +220    2012 R 
u_cpu_u_alu_sub_16_33_Y_u_cpu_u_alu_add_15_33_g4273/B                                                +0    2012   
u_cpu_u_alu_sub_16_33_Y_u_cpu_u_alu_add_15_33_g4273/Y               NAND2X4           2  9.5  110   +94    2106 F 
u_cpu_u_alu_sub_16_33_Y_u_cpu_u_alu_add_15_33_g4039/A0                                               +0    2106   
u_cpu_u_alu_sub_16_33_Y_u_cpu_u_alu_add_15_33_g4039/Y               AOI21X4           2  9.9  107  +108    2214 R 
u_cpu_u_alu_sub_16_33_Y_u_cpu_u_alu_add_15_33_g4034/B                                                +0    2214   
u_cpu_u_alu_sub_16_33_Y_u_cpu_u_alu_add_15_33_g4034/Y               NOR2X4            1  8.5   77   +67    2281 F 
u_cpu_u_alu_sub_16_33_Y_u_cpu_u_alu_add_15_33_g4032/B                                                +0    2281   
u_cpu_u_alu_sub_16_33_Y_u_cpu_u_alu_add_15_33_g4032/Y               NOR2X6            2 11.4   86   +68    2349 R 
u_cpu_u_alu_sub_16_33_Y_u_cpu_u_alu_add_15_33_g4030/B                                                +0    2349   
u_cpu_u_alu_sub_16_33_Y_u_cpu_u_alu_add_15_33_g4030/Y               NOR2X6            1  8.5   74   +53    2402 F 
u_cpu_u_alu_sub_16_33_Y_u_cpu_u_alu_add_15_33_g4028/B                                                +0    2402   
u_cpu_u_alu_sub_16_33_Y_u_cpu_u_alu_add_15_33_g4028/Y               NOR2X6            2 11.7   87   +68    2470 R 
u_cpu_u_alu_sub_16_33_Y_u_cpu_u_alu_add_15_33_g4026/B                                                +0    2470   
u_cpu_u_alu_sub_16_33_Y_u_cpu_u_alu_add_15_33_g4026/Y               NOR2X6            1  6.9   45   +51    2522 F 
u_cpu_u_alu_sub_16_33_Y_u_cpu_u_alu_add_15_33_g4024/B                                                +0    2522   
u_cpu_u_alu_sub_16_33_Y_u_cpu_u_alu_add_15_33_g4024/Y               NOR2X4            2 11.3  112   +72    2594 R 
u_cpu_u_alu_sub_16_33_Y_u_cpu_u_alu_add_15_33_g4021/B                                                +0    2594   
u_cpu_u_alu_sub_16_33_Y_u_cpu_u_alu_add_15_33_g4021/Y               NOR2X6            2  9.4   76   +64    2658 F 
u_cpu_u_alu_sub_16_33_Y_u_cpu_u_alu_add_15_33_g4015/A1                                               +0    2658   
u_cpu_u_alu_sub_16_33_Y_u_cpu_u_alu_add_15_33_g4015/Y               AOI21X4           3 12.8  158  +103    2760 R 
u_cpu_u_alu_sub_16_33_Y_u_cpu_u_alu_add_15_33_g4011/A1                                               +0    2761   
u_cpu_u_alu_sub_16_33_Y_u_cpu_u_alu_add_15_33_g4011/Y               OAI21X4           2 11.3  140  +133    2893 F 
u_cpu_u_alu_sub_16_33_Y_u_cpu_u_alu_add_15_33_g4010/B                                                +0    2893   
u_cpu_u_alu_sub_16_33_Y_u_cpu_u_alu_add_15_33_g4010/Y               NAND2X6           1  8.4   57   +68    2961 R 
u_cpu_u_alu_sub_16_33_Y_u_cpu_u_alu_add_15_33_g4008/B                                                +0    2961   
u_cpu_u_alu_sub_16_33_Y_u_cpu_u_alu_add_15_33_g4008/Y               NAND2X6           2  9.6   91   +66    3028 F 
u_cpu_u_alu_sub_16_33_Y_u_cpu_u_alu_add_15_33_g4007/A                                                +0    3028   
u_cpu_u_alu_sub_16_33_Y_u_cpu_u_alu_add_15_33_g4007/Y               CLKINVX4          1  6.9   44   +52    3080 R 
u_cpu_u_alu_sub_16_33_Y_u_cpu_u_alu_add_15_33_g4005/A1                                               +0    3080   
u_cpu_u_alu_sub_16_33_Y_u_cpu_u_alu_add_15_33_g4005/Y               OAI21X4           2  9.9  128   +88    3168 F 
u_cpu_u_alu_sub_16_33_Y_u_cpu_u_alu_add_15_33_g4003/A1                                               +0    3168   
u_cpu_u_alu_sub_16_33_Y_u_cpu_u_alu_add_15_33_g4003/Y               AOI21X4           2  9.8  120  +108    3276 R 
u_cpu_u_alu_sub_16_33_Y_u_cpu_u_alu_add_15_33_g4000/A1                                               +0    3276   
u_cpu_u_alu_sub_16_33_Y_u_cpu_u_alu_add_15_33_g4000/Y               OAI21X4           2  9.6  138  +113    3389 F 
u_cpu_u_alu_sub_16_33_Y_u_cpu_u_alu_add_15_33_g3999/A                                                +0    3389   
u_cpu_u_alu_sub_16_33_Y_u_cpu_u_alu_add_15_33_g3999/Y               CLKINVX4          1  8.4   59   +70    3460 R 
u_cpu_u_alu_sub_16_33_Y_u_cpu_u_alu_add_15_33_g3998/B                                                +0    3460   
u_cpu_u_alu_sub_16_33_Y_u_cpu_u_alu_add_15_33_g3998/Y               NOR2X6            1  8.5  107   +43    3503 F 
u_cpu_u_alu_sub_16_33_Y_u_cpu_u_alu_add_15_33_g3996/B                                                +0    3504   
u_cpu_u_alu_sub_16_33_Y_u_cpu_u_alu_add_15_33_g3996/Y               NOR2X6            3 14.8  110   +87    3590 R 
u_cpu_u_alu_sub_16_33_Y_u_cpu_u_alu_add_15_33_g3995/B                                                +0    3590   
u_cpu_u_alu_sub_16_33_Y_u_cpu_u_alu_add_15_33_g3995/Y               NOR2X6            2 11.8   70   +66    3657 F 
u_cpu_u_alu_sub_16_33_Y_u_cpu_u_alu_add_15_33_g3991/B                                                +0    3657   
u_cpu_u_alu_sub_16_33_Y_u_cpu_u_alu_add_15_33_g3991/Y               NAND2X4           1 10.0   76   +53    3710 R 
u_cpu_u_alu_sub_16_33_Y_u_cpu_u_alu_add_15_33_g3989/B                                                +0    3710   
u_cpu_u_alu_sub_16_33_Y_u_cpu_u_alu_add_15_33_g3989/Y               NAND2X8           4 21.7  127   +91    3801 F 
u_cpu_u_alu_sub_16_33_Y_u_cpu_u_alu_add_15_33_g3984/B                                                +0    3801   
u_cpu_u_alu_sub_16_33_Y_u_cpu_u_alu_add_15_33_g3984/Y               NAND2X4           1  6.9   59   +68    3868 R 
u_cpu_u_alu_sub_16_33_Y_u_cpu_u_alu_add_15_33_g3974/A1                                               +0    3868   
u_cpu_u_alu_sub_16_33_Y_u_cpu_u_alu_add_15_33_g3974/Y               AOI21X4           1  8.5  118   +88    3956 F 
u_cpu_u_alu_sub_16_33_Y_u_cpu_u_alu_add_15_33_g3971/B                                                +0    3956   
u_cpu_u_alu_sub_16_33_Y_u_cpu_u_alu_add_15_33_g3971/Y               NOR2X6            2  9.9  102   +78    4034 R 
u_cpu_u_alu_sub_16_33_Y_u_cpu_u_alu_add_15_33_g3964/B                                                +0    4034   
u_cpu_u_alu_sub_16_33_Y_u_cpu_u_alu_add_15_33_g3964/Y               NOR2X4            2  9.4  110   +67    4102 F 
u_cpu_u_alu_sub_16_33_Y_u_cpu_u_alu_add_15_33_g2/AN                                                  +0    4102   
u_cpu_u_alu_sub_16_33_Y_u_cpu_u_alu_add_15_33_g2/Y                  NAND2BX2          1  5.0  116  +154    4256 F 
u_cpu_u_alu_sub_16_33_Y_u_cpu_u_alu_add_15_33_g4331/B                                                +0    4256   
u_cpu_u_alu_sub_16_33_Y_u_cpu_u_alu_add_15_33_g4331/Y               XNOR2X1           1  5.4  108  +230    4486 R 
g165978/B                                                                                            +0    4486   
g165978/Y                                                           NAND2X2           1  8.4  166  +125    4611 F 
g165618/B                                                                                            +0    4611   
g165618/Y                                                           NAND2X6           2  9.6   66   +77    4688 R 
g165557/B                                                                                            +0    4688   
g165557/Y                                                           NOR2X4            1  8.6   56   +52    4740 F 
g165556/A                                                                                            +0    4740   
g165556/Y                                                           NAND2X6           1  6.9   38   +40    4780 R 
g165555/B                                                                                            +0    4780   
g165555/Y                                                           NOR2X4            1  7.1   58   +39    4819 F 
g165554/B0                                                                                           +0    4819   
g165554/Y                                                           AOI2BB1X4         1 10.0  107   +82    4902 R 
g165553/B                                                                                            +0    4902   
g165553/Y                                                           NOR2X8            7 23.0   86   +73    4974 F 
g165550/S0                                                                                           +0    4974   
g165550/Y                                                           CLKMX2X3          3 11.3   87  +209    5183 R 
u_cpu_add_167_30_Y_u_cpu_add_165_34_Y_u_cpu_add_163_30_g967/B                                        +0    5183   
u_cpu_add_167_30_Y_u_cpu_add_165_34_Y_u_cpu_add_163_30_g967/Y       NOR2X2            1  4.8   75   +63    5246 F 
u_cpu_add_167_30_Y_u_cpu_add_165_34_Y_u_cpu_add_163_30_g1028/B                                       +0    5246   
u_cpu_add_167_30_Y_u_cpu_add_165_34_Y_u_cpu_add_163_30_g1028/Y      NOR2BX1           1  6.9  228  +143    5388 R 
u_cpu_add_167_30_Y_u_cpu_add_165_34_Y_u_cpu_add_163_30_g913/B                                        +0    5389   
u_cpu_add_167_30_Y_u_cpu_add_165_34_Y_u_cpu_add_163_30_g913/Y       NOR2X4            2  9.8   90  +110    5499 F 
u_cpu_add_167_30_Y_u_cpu_add_165_34_Y_u_cpu_add_163_30_g911/B                                        +0    5499   
u_cpu_add_167_30_Y_u_cpu_add_165_34_Y_u_cpu_add_163_30_g911/Y       NOR2X4            1  8.4   93   +76    5574 R 
u_cpu_add_167_30_Y_u_cpu_add_165_34_Y_u_cpu_add_163_30_g909/B                                        +0    5575   
u_cpu_add_167_30_Y_u_cpu_add_165_34_Y_u_cpu_add_163_30_g909/Y       NOR2X6            2 10.0   50   +58    5633 F 
u_cpu_add_167_30_Y_u_cpu_add_165_34_Y_u_cpu_add_163_30_g907/B0                                       +0    5633   
u_cpu_add_167_30_Y_u_cpu_add_165_34_Y_u_cpu_add_163_30_g907/Y       AOI2BB1X4         1  6.9   84   +69    5701 R 
u_cpu_add_167_30_Y_u_cpu_add_165_34_Y_u_cpu_add_163_30_g905/B                                        +0    5701   
u_cpu_add_167_30_Y_u_cpu_add_165_34_Y_u_cpu_add_163_30_g905/Y       NOR2X4            2 10.0   63   +62    5763 F 
u_cpu_add_167_30_Y_u_cpu_add_165_34_Y_u_cpu_add_163_30_g903/B0                                       +0    5763   
u_cpu_add_167_30_Y_u_cpu_add_165_34_Y_u_cpu_add_163_30_g903/Y       AOI2BB1X4         1  8.4   95   +78    5841 R 
u_cpu_add_167_30_Y_u_cpu_add_165_34_Y_u_cpu_add_163_30_g901/B                                        +0    5842   
u_cpu_add_167_30_Y_u_cpu_add_165_34_Y_u_cpu_add_163_30_g901/Y       NOR2X6            2  7.7   44   +56    5897 F 
u_cpu_add_167_30_Y_u_cpu_add_165_34_Y_u_cpu_add_163_30_g899/B0                                       +0    5897   
u_cpu_add_167_30_Y_u_cpu_add_165_34_Y_u_cpu_add_163_30_g899/Y       AOI2BB1X1         1  5.5  195  +122    6019 R 
u_cpu_add_167_30_Y_u_cpu_add_165_34_Y_u_cpu_add_163_30_g897/B                                        +0    6019   
u_cpu_add_167_30_Y_u_cpu_add_165_34_Y_u_cpu_add_163_30_g897/Y       NOR2X2            2  8.4  104  +118    6137 F 
u_cpu_add_167_30_Y_u_cpu_add_165_34_Y_u_cpu_add_163_30_g895/B                                        +0    6137   
u_cpu_add_167_30_Y_u_cpu_add_165_34_Y_u_cpu_add_163_30_g895/Y       NOR2X2            1  6.9  131  +101    6238 R 
u_cpu_add_167_30_Y_u_cpu_add_165_34_Y_u_cpu_add_163_30_g893/B                                        +0    6238   
u_cpu_add_167_30_Y_u_cpu_add_165_34_Y_u_cpu_add_163_30_g893/Y       NOR2X4            2  8.5   66   +76    6314 F 
u_cpu_add_167_30_Y_u_cpu_add_165_34_Y_u_cpu_add_163_30_g891/B0                                       +0    6314   
u_cpu_add_167_30_Y_u_cpu_add_165_34_Y_u_cpu_add_163_30_g891/Y       AOI2BB1X2         1  8.4  154  +109    6423 R 
u_cpu_add_167_30_Y_u_cpu_add_165_34_Y_u_cpu_add_163_30_g889/B                                        +0    6423   
u_cpu_add_167_30_Y_u_cpu_add_165_34_Y_u_cpu_add_163_30_g889/Y       NOR2X6            2  9.8   64   +78    6502 F 
u_cpu_add_167_30_Y_u_cpu_add_165_34_Y_u_cpu_add_163_30_g887/B                                        +0    6502   
u_cpu_add_167_30_Y_u_cpu_add_165_34_Y_u_cpu_add_163_30_g887/Y       NOR2X4            1  8.4   96   +67    6569 R 
u_cpu_add_167_30_Y_u_cpu_add_165_34_Y_u_cpu_add_163_30_g885/B                                        +0    6569   
u_cpu_add_167_30_Y_u_cpu_add_165_34_Y_u_cpu_add_163_30_g885/Y       NOR2X6            2  9.8   64   +59    6628 F 
u_cpu_add_167_30_Y_u_cpu_add_165_34_Y_u_cpu_add_163_30_g883/B                                        +0    6628   
u_cpu_add_167_30_Y_u_cpu_add_165_34_Y_u_cpu_add_163_30_g883/Y       NOR2X4            1  6.9   83   +61    6689 R 
u_cpu_add_167_30_Y_u_cpu_add_165_34_Y_u_cpu_add_163_30_g881/B                                        +0    6689   
u_cpu_add_167_30_Y_u_cpu_add_165_34_Y_u_cpu_add_163_30_g881/Y       NOR2X4            2 10.0   71   +61    6751 F 
u_cpu_add_167_30_Y_u_cpu_add_165_34_Y_u_cpu_add_163_30_g879/B0                                       +0    6751   
u_cpu_add_167_30_Y_u_cpu_add_165_34_Y_u_cpu_add_163_30_g879/Y       AOI2BB1X4         1  6.9   85   +75    6826 R 
u_cpu_add_167_30_Y_u_cpu_add_165_34_Y_u_cpu_add_163_30_g877/B                                        +0    6826   
u_cpu_add_167_30_Y_u_cpu_add_165_34_Y_u_cpu_add_163_30_g877/Y       NOR2X4            2 10.0   71   +62    6888 F 
u_cpu_add_167_30_Y_u_cpu_add_165_34_Y_u_cpu_add_163_30_g875/B0                                       +0    6888   
u_cpu_add_167_30_Y_u_cpu_add_165_34_Y_u_cpu_add_163_30_g875/Y       AOI2BB1X4         1  6.9   84   +75    6963 R 
u_cpu_add_167_30_Y_u_cpu_add_165_34_Y_u_cpu_add_163_30_g873/B                                        +0    6963   
u_cpu_add_167_30_Y_u_cpu_add_165_34_Y_u_cpu_add_163_30_g873/Y       NOR2X4            2 11.4   77   +65    7028 F 
u_cpu_add_167_30_Y_u_cpu_add_165_34_Y_u_cpu_add_163_30_g871/B                                        +0    7028   
u_cpu_add_167_30_Y_u_cpu_add_165_34_Y_u_cpu_add_163_30_g871/Y       NOR2X6            1  8.4   76   +61    7088 R 
u_cpu_add_167_30_Y_u_cpu_add_165_34_Y_u_cpu_add_163_30_g869/B                                        +0    7089   
u_cpu_add_167_30_Y_u_cpu_add_165_34_Y_u_cpu_add_163_30_g869/Y       NOR2X6            2 10.0   64   +52    7140 F 
u_cpu_add_167_30_Y_u_cpu_add_165_34_Y_u_cpu_add_163_30_g867/B0                                       +0    7140   
u_cpu_add_167_30_Y_u_cpu_add_165_34_Y_u_cpu_add_163_30_g867/Y       AOI2BB1X4         1  8.4   95   +78    7219 R 
u_cpu_add_167_30_Y_u_cpu_add_165_34_Y_u_cpu_add_163_30_g865/B                                        +0    7219   
u_cpu_add_167_30_Y_u_cpu_add_165_34_Y_u_cpu_add_163_30_g865/Y       NOR2X6            2 11.4   68   +61    7280 F 
u_cpu_add_167_30_Y_u_cpu_add_165_34_Y_u_cpu_add_163_30_g863/B                                        +0    7280   
u_cpu_add_167_30_Y_u_cpu_add_165_34_Y_u_cpu_add_163_30_g863/Y       NOR2X6            1  8.4   76   +58    7338 R 
u_cpu_add_167_30_Y_u_cpu_add_165_34_Y_u_cpu_add_163_30_g861/B                                        +0    7338   
u_cpu_add_167_30_Y_u_cpu_add_165_34_Y_u_cpu_add_163_30_g861/Y       NOR2X6            2  9.5   63   +51    7389 F 
u_cpu_add_167_30_Y_u_cpu_add_165_34_Y_u_cpu_add_163_30_g859/B0                                       +0    7389   
u_cpu_add_167_30_Y_u_cpu_add_165_34_Y_u_cpu_add_163_30_g859/Y       AOI2BB1X4         1  8.4   95   +78    7467 R 
u_cpu_add_167_30_Y_u_cpu_add_165_34_Y_u_cpu_add_163_30_g857/B                                        +0    7467   
u_cpu_add_167_30_Y_u_cpu_add_165_34_Y_u_cpu_add_163_30_g857/Y       NOR2X6            2  9.5   63   +58    7525 F 
u_cpu_add_167_30_Y_u_cpu_add_165_34_Y_u_cpu_add_163_30_g855/B0                                       +0    7525   
u_cpu_add_167_30_Y_u_cpu_add_165_34_Y_u_cpu_add_163_30_g855/Y       AOI2BB1X4         1  8.4   95   +78    7603 R 
u_cpu_add_167_30_Y_u_cpu_add_165_34_Y_u_cpu_add_163_30_g853/B                                        +0    7603   
u_cpu_add_167_30_Y_u_cpu_add_165_34_Y_u_cpu_add_163_30_g853/Y       NOR2X6            2  9.3   62   +58    7661 F 
u_cpu_add_167_30_Y_u_cpu_add_165_34_Y_u_cpu_add_163_30_g851/B                                        +0    7661   
u_cpu_add_167_30_Y_u_cpu_add_165_34_Y_u_cpu_add_163_30_g851/Y       NOR2X4            1  6.9   82   +61    7722 R 
u_cpu_add_167_30_Y_u_cpu_add_165_34_Y_u_cpu_add_163_30_g849/B                                        +0    7722   
u_cpu_add_167_30_Y_u_cpu_add_165_34_Y_u_cpu_add_163_30_g849/Y       NOR2X4            2  9.8   71   +61    7783 F 
u_cpu_add_167_30_Y_u_cpu_add_165_34_Y_u_cpu_add_163_30_g848/B                                        +0    7783   
u_cpu_add_167_30_Y_u_cpu_add_165_34_Y_u_cpu_add_163_30_g848/Y       NOR2X4            1  6.9   82   +64    7847 R 
u_cpu_add_167_30_Y_u_cpu_add_165_34_Y_u_cpu_add_163_30_g846/B                                        +0    7847   
u_cpu_add_167_30_Y_u_cpu_add_165_34_Y_u_cpu_add_163_30_g846/Y       NOR2X4            2 10.0   71   +61    7908 F 
u_cpu_add_167_30_Y_u_cpu_add_165_34_Y_u_cpu_add_163_30_g845/B0                                       +0    7908   
u_cpu_add_167_30_Y_u_cpu_add_165_34_Y_u_cpu_add_163_30_g845/Y       AOI2BB1X4         1  6.9   85   +75    7983 R 
u_cpu_add_167_30_Y_u_cpu_add_165_34_Y_u_cpu_add_163_30_g843/B                                        +0    7983   
u_cpu_add_167_30_Y_u_cpu_add_165_34_Y_u_cpu_add_163_30_g843/Y       NOR2X4            2 11.4   77   +65    8048 F 
u_cpu_add_167_30_Y_u_cpu_add_165_34_Y_u_cpu_add_163_30_g842/B                                        +0    8048   
u_cpu_add_167_30_Y_u_cpu_add_165_34_Y_u_cpu_add_163_30_g842/Y       NOR2X6            1  6.9   69   +57    8105 R 
u_cpu_add_167_30_Y_u_cpu_add_165_34_Y_u_cpu_add_163_30_g840/B                                        +0    8105   
u_cpu_add_167_30_Y_u_cpu_add_165_34_Y_u_cpu_add_163_30_g840/Y       NOR2X4            2 11.4   77   +59    8164 F 
u_cpu_add_167_30_Y_u_cpu_add_165_34_Y_u_cpu_add_163_30_g839/B                                        +0    8165   
u_cpu_add_167_30_Y_u_cpu_add_165_34_Y_u_cpu_add_163_30_g839/Y       NOR2X6            1  8.4   76   +61    8225 R 
u_cpu_add_167_30_Y_u_cpu_add_165_34_Y_u_cpu_add_163_30_g837/B                                        +0    8225   
u_cpu_add_167_30_Y_u_cpu_add_165_34_Y_u_cpu_add_163_30_g837/Y       NOR2X6            2 10.0   64   +52    8277 F 
u_cpu_add_167_30_Y_u_cpu_add_165_34_Y_u_cpu_add_163_30_g836/B0                                       +0    8278   
u_cpu_add_167_30_Y_u_cpu_add_165_34_Y_u_cpu_add_163_30_g836/Y       AOI2BB1X4         1  8.4   97   +78    8356 R 
u_cpu_add_167_30_Y_u_cpu_add_165_34_Y_u_cpu_add_163_30_g834/B                                        +0    8356   
u_cpu_add_167_30_Y_u_cpu_add_165_34_Y_u_cpu_add_163_30_g834/Y       NOR2X6            2 10.0   64   +60    8416 F 
u_cpu_add_167_30_Y_u_cpu_add_165_34_Y_u_cpu_add_163_30_g833/B0                                       +0    8416   
u_cpu_add_167_30_Y_u_cpu_add_165_34_Y_u_cpu_add_163_30_g833/Y       AOI2BB1X4         1  8.4   97   +78    8494 R 
u_cpu_add_167_30_Y_u_cpu_add_165_34_Y_u_cpu_add_163_30_g831/B                                        +0    8494   
u_cpu_add_167_30_Y_u_cpu_add_165_34_Y_u_cpu_add_163_30_g831/Y       NOR2X6            2 11.4   68   +62    8556 F 
u_cpu_add_167_30_Y_u_cpu_add_165_34_Y_u_cpu_add_163_30_g830/B                                        +0    8556   
u_cpu_add_167_30_Y_u_cpu_add_165_34_Y_u_cpu_add_163_30_g830/Y       NOR2X6            1  8.4   80   +58    8614 R 
u_cpu_add_167_30_Y_u_cpu_add_165_34_Y_u_cpu_add_163_30_g828/B                                        +0    8614   
u_cpu_add_167_30_Y_u_cpu_add_165_34_Y_u_cpu_add_163_30_g828/Y       NOR2X6            2 10.0   64   +54    8667 F 
u_cpu_add_167_30_Y_u_cpu_add_165_34_Y_u_cpu_add_163_30_g827/B0                                       +0    8667   
u_cpu_add_167_30_Y_u_cpu_add_165_34_Y_u_cpu_add_163_30_g827/Y       AOI2BB1X4         1  8.4   97   +78    8746 R 
u_cpu_add_167_30_Y_u_cpu_add_165_34_Y_u_cpu_add_163_30_g825/B                                        +0    8746   
u_cpu_add_167_30_Y_u_cpu_add_165_34_Y_u_cpu_add_163_30_g825/Y       NOR2X6            2 11.4   68   +62    8808 F 
u_cpu_add_167_30_Y_u_cpu_add_165_34_Y_u_cpu_add_163_30_g824/B                                        +0    8808   
u_cpu_add_167_30_Y_u_cpu_add_165_34_Y_u_cpu_add_163_30_g824/Y       NOR2X6            1  8.4   80   +58    8865 R 
u_cpu_add_167_30_Y_u_cpu_add_165_34_Y_u_cpu_add_163_30_g822/B                                        +0    8866   
u_cpu_add_167_30_Y_u_cpu_add_165_34_Y_u_cpu_add_163_30_g822/Y       NOR2X6            2 10.0   64   +54    8919 F 
u_cpu_add_167_30_Y_u_cpu_add_165_34_Y_u_cpu_add_163_30_g821/B0                                       +0    8919   
u_cpu_add_167_30_Y_u_cpu_add_165_34_Y_u_cpu_add_163_30_g821/Y       AOI2BB1X4         1  8.4   97   +78    8998 R 
u_cpu_add_167_30_Y_u_cpu_add_165_34_Y_u_cpu_add_163_30_g819/B                                        +0    8998   
u_cpu_add_167_30_Y_u_cpu_add_165_34_Y_u_cpu_add_163_30_g819/Y       NOR2X6            2 11.4   68   +62    9059 F 
u_cpu_add_167_30_Y_u_cpu_add_165_34_Y_u_cpu_add_163_30_g818/B                                        +0    9059   
u_cpu_add_167_30_Y_u_cpu_add_165_34_Y_u_cpu_add_163_30_g818/Y       NOR2X6            1  8.4   80   +58    9117 R 
u_cpu_add_167_30_Y_u_cpu_add_165_34_Y_u_cpu_add_163_30_g816/B                                        +0    9117   
u_cpu_add_167_30_Y_u_cpu_add_165_34_Y_u_cpu_add_163_30_g816/Y       NOR2X6            2 11.4   68   +56    9173 F 
u_cpu_add_167_30_Y_u_cpu_add_165_34_Y_u_cpu_add_163_30_g815/B                                        +0    9173   
u_cpu_add_167_30_Y_u_cpu_add_165_34_Y_u_cpu_add_163_30_g815/Y       NOR2X6            1  8.4   80   +58    9230 R 
u_cpu_add_167_30_Y_u_cpu_add_165_34_Y_u_cpu_add_163_30_g813/B                                        +0    9231   
u_cpu_add_167_30_Y_u_cpu_add_165_34_Y_u_cpu_add_163_30_g813/Y       NOR2X6            2 10.0   64   +54    9284 F 
u_cpu_add_167_30_Y_u_cpu_add_165_34_Y_u_cpu_add_163_30_g812/B0                                       +0    9284   
u_cpu_add_167_30_Y_u_cpu_add_165_34_Y_u_cpu_add_163_30_g812/Y       AOI2BB1X4         1  6.9   86   +73    9357 R 
u_cpu_add_167_30_Y_u_cpu_add_165_34_Y_u_cpu_add_163_30_g810/B                                        +0    9357   
u_cpu_add_167_30_Y_u_cpu_add_165_34_Y_u_cpu_add_163_30_g810/Y       NOR2X4            1  5.3   53   +53    9410 F 
u_cpu_add_167_30_Y_u_cpu_add_165_34_Y_u_cpu_add_163_30_g809/B                                        +0    9410   
u_cpu_add_167_30_Y_u_cpu_add_165_34_Y_u_cpu_add_163_30_g809/Y       XOR2X4            1  4.8   73  +185    9596 R 
g641353/B                                                                                            +0    9596   
g641353/Y                                                           NAND2X1           1  4.8  186  +124    9720 F 
g653712/B                                                                                            +0    9720   
g653712/Y                                                           NAND2X1           1  4.7  112  +112    9832 R 
u_cpu_pc_reg[31]/D                                             <<<  DFFRHQX1                         +0    9832   
u_cpu_pc_reg[31]/CK                                                 setup                     100   +98    9929 R 
- - - - - - - - - - - - - - - - - - - - - - - - - - - - - - - - - - - - - - - - - - - - - - - - - - - - - - - - - 
(clock clk)                                                         capture                               10000 R 
                                                                    latency                        +500   10500 R 
                                                                    uncertainty                    -200   10300 R 
------------------------------------------------------------------------------------------------------------------
Cost Group   : 'clk' (path_group 'clk')
Timing slack :     371ps 
Start-point  : u_cpu_ir_reg[4]/CK
End-point    : u_cpu_pc_reg[31]/D

