============================================================
  Generated by:           Genus(TM) Synthesis Solution 21.14-s082_1
  Generated on:           Aug 07 2026  01:55:30 pm
  Module:                 soc_top
  Technology libraries:   slow 
                          physical_cells 
  Operating conditions:   slow 
  Interconnect mode:      global
  Area mode:              physical library
============================================================

                                 
   Gate    Instances     Area    Library 
-----------------------------------------
ADDFX1           972    4986.360    slow 
ADDHX1            95     357.390    slow 
AND2X1          1079    1476.072    slow 
AND2X2            97     165.870    slow 
AND2X4             7      19.152    slow 
AND3X2             4      10.944    slow 
AND3XL             6      12.312    slow 
AND4X1             2       4.788    slow 
AO21X1            33      79.002    slow 
AO21X2             6      16.416    slow 
AO21X4             4      13.680    slow 
AO22X1          1068    2922.048    slow 
AO22X2             6      18.468    slow 
AO22X4             7      26.334    slow 
AOI211XL          38      77.976    slow 
AOI21X1           34      58.140    slow 
AOI21X2           13      35.568    slow 
AOI21X4           16      82.080    slow 
AOI221X1        1197    2865.618    slow 
AOI221X2           4      17.784    slow 
AOI222X1         178     547.884    slow 
AOI222X2           1       5.472    slow 
AOI22X1         2729    5599.908    slow 
AOI22X2           19      71.478    slow 
AOI22X4            5      30.780    slow 
AOI2BB1X1          6      12.312    slow 
AOI2BB1X2          1       3.078    slow 
AOI2BB1X4         15      61.560    slow 
AOI31X1            5      10.260    slow 
AOI32X1            1       2.394    slow 
BUFX16             3      20.520    slow 
BUFX2            162     277.020    slow 
BUFX3            358     734.616    slow 
BUFX6             35     107.730    slow 
BUFX8              1       3.762    slow 
CLKAND2X2          2       4.104    slow 
CLKAND2X3          1       3.078    slow 
CLKAND2X6          6      28.728    slow 
CLKBUFX2           1       1.710    slow 
CLKBUFX6           1       3.078    slow 
CLKBUFX8          33     124.146    slow 
CLKINVX1          55      56.430    slow 
CLKINVX12          6      24.624    slow 
CLKINVX16          5      27.360    slow 
CLKINVX2           6       8.208    slow 
CLKINVX20          2      12.996    slow 
CLKINVX4         102     174.420    slow 
CLKINVX6          13      31.122    slow 
CLKINVX8           2       6.156    slow 
CLKMX2X2          44     135.432    slow 
CLKMX2X3          73     299.592    slow 
CLKXOR2X1         13      35.568    slow 
CLKXOR2X2          1       3.420    slow 
DFFHQX1           24     131.328    slow 
DFFQX4             8      57.456    slow 
DFFRHQX1         150     923.400    slow 
DFFRHQX4           1       9.576    slow 
DFFRX1             9      61.560    slow 
DFFRX2            38     285.912    slow 
DFFSHQX1           6      38.988    slow 
DFFSX1             1       7.524    slow 
INVX1            716     489.744    slow 
INVX2            957     981.882    slow 
INVX3             20      27.360    slow 
INVX6              2       4.788    slow 
INVXL              3       2.052    slow 
MX2X1             91     217.854    slow 
MX2XL              2       4.788    slow 
MX3X1              6      30.780    slow 
MX3XL             19      90.972    slow 
MXI2X1             4      10.944    slow 
MXI2X2             4      17.784    slow 
MXI2XL             2       4.788    slow 
MXI3XL             1       5.814    slow 
NAND2BX1          63      86.184    slow 
NAND2BX2           9      21.546    slow 
NAND2BX4           4      15.048    slow 
NAND2X1          519     532.494    slow 
NAND2X2           24      41.040    slow 
NAND2X4           26      81.806    slow 
NAND2X6           26     118.708    slow 
NAND2X8            5      26.248    slow 
NAND3BX1           6      12.312    slow 
NAND3BXL          48      82.080    slow 
NAND3X1         1147    1961.370    slow 
NAND3X2            1       2.736    slow 
NAND3X6            1       7.182    slow 
NAND3X8            1       8.208    slow 
NAND4BX1          48     114.912    slow 
NAND4X1           23      47.196    slow 
NAND4X2           41     154.242    slow 
NOR2BX1           63      86.184    slow 
NOR2BX2            8      21.888    slow 
NOR2BX4            7      26.334    slow 
NOR2X1           134     137.484    slow 
NOR2X2            36      61.560    slow 
NOR2X4            44     135.432    slow 
NOR2X6            45     184.680    slow 
NOR2X8             1       5.472    slow 
NOR3BX1            7      14.364    slow 
NOR3X1             5       8.550    slow 
NOR3X2             2       5.472    slow 
NOR3X6             1       7.182    slow 
NOR4X1            35      59.850    slow 
NOR4X6             1       8.208    slow 
OA21X1             9      18.468    slow 
OA22X1             7      16.758    slow 
OAI211X1          21      35.910    slow 
OAI21X1           27      46.170    slow 
OAI21X2            6      18.468    slow 
OAI21X4           11      52.668    slow 
OAI221X1           2       4.788    slow 
OAI221X2           1       4.788    slow 
OAI222X1           5      13.680    slow 
OAI22X1            4       8.208    slow 
OAI22X2            9      30.780    slow 
OAI22X4            3      19.494    slow 
OAI2BB1X1        169     288.990    slow 
OAI2BB1X2          3       9.234    slow 
OAI2BB1X4          1       4.446    slow 
OAI2BB2X2          1       5.472    slow 
OAI31X1            2       4.104    slow 
OAI32X1            6      14.364    slow 
OR2X1             80     109.440    slow 
OR2X2            292     499.320    slow 
OR2X4             13      35.568    slow 
OR2X6              2       7.524    slow 
OR2XL              2       2.736    slow 
OR3X1             15      30.780    slow 
OR3X4              1       3.078    slow 
OR4X1            267     547.884    slow 
OR4X2              1       3.420    slow 
SDFFQX1         8320   62599.680    slow 
SDFFRHQX1       1389   11400.912    slow 
SDFFRHQX2        137    1358.766    slow 
SDFFRX2           37     404.928    slow 
SDFFRX4            1      13.338    slow 
XNOR2X1           90     215.460    slow 
XNOR2X2            3       9.234    slow 
XOR2X4             1       4.104    slow 
-----------------------------------------
total          23956  107039.177         


                                           
     Type      Instances    Area    Area % 
-------------------------------------------
sequential         10121  77293.368   72.2 
inverter            1889   1847.142    1.7 
buffer               594   1272.582    1.2 
logic              11352  26626.085   24.9 
physical_cells         0      0.000    0.0 
-------------------------------------------
total              23956 107039.177  100.0 

