============================================================
  Generated by:           Genus(TM) Synthesis Solution 21.14-s082_1
  Generated on:           Aug 07 2026  01:55:48 pm
  Module:                 soc_top
  Technology libraries:   slow 
                          physical_cells 
  Operating conditions:   slow 
  Interconnect mode:      global
  Area mode:              physical library
============================================================

                                 
   Gate    Instances     Area    Library 
-----------------------------------------
ADDFX1           972    4986.360    slow 
ADDHX1            95     357.390    slow 
AND2X1          1072    1466.496    slow 
AND2X2            99     169.290    slow 
AND3X2             4      10.944    slow 
AND3XL             6      12.312    slow 
AND4X1             1       2.394    slow 
AO21X1            42     100.548    slow 
AO21X4             1       3.420    slow 
AO22X1          1081    2957.616    slow 
AOI211XL          38      77.976    slow 
AOI21X1           45      76.950    slow 
AOI21X2           11      30.096    slow 
AOI21X4            7      35.910    slow 
AOI221X1        1199    2870.406    slow 
AOI221X2           2       8.892    slow 
AOI222X1         178     547.884    slow 
AOI222X2           1       5.472    slow 
AOI22X1         2733    5608.116    slow 
AOI22X2           11      41.382    slow 
AOI2BB1X1          7      14.364    slow 
AOI2BB1X2          4      12.312    slow 
AOI2BB1X4         17      69.768    slow 
AOI31X1            3       6.156    slow 
AOI32X1            1       2.394    slow 
BUFX2            536     916.560    slow 
BUFX3              5      10.260    slow 
BUFX4              1       2.394    slow 
BUFX6              2       6.156    slow 
CLKAND2X2          4       8.208    slow 
CLKAND2X3          1       3.078    slow 
CLKINVX12          1       4.104    slow 
CLKINVX16          1       5.472    slow 
CLKINVX20          1       6.498    slow 
CLKINVX4           3       5.130    slow 
CLKINVX6           6      14.364    slow 
CLKINVX8           2       6.156    slow 
CLKMX2X2          22      67.716    slow 
CLKMX2X3           8      32.832    slow 
CLKXOR2X1         14      38.304    slow 
DFFHQX1           32     175.104    slow 
DFFRHQX1         152     935.712    slow 
DFFRHQX4           1       9.576    slow 
DFFRX1            10      68.400    slow 
DFFRX2            35     263.340    slow 
DFFSHQX1           6      38.988    slow 
DFFSX1             1       7.524    slow 
INVX1            724     495.216    slow 
INVX2           1013    1039.338    slow 
INVX3              7       9.576    slow 
INVXL              3       2.052    slow 
MX2X1            121     289.674    slow 
MX2XL             60     143.640    slow 
MX3X1              1       5.130    slow 
MX3XL             24     114.912    slow 
MXI2X1             7      19.152    slow 
MXI2X2             2       8.892    slow 
MXI2XL             5      11.970    slow 
MXI3XL             1       5.814    slow 
NAND2BX1          53      72.504    slow 
NAND2BX2          10      23.940    slow 
NAND2BX4           2       7.524    slow 
NAND2X1          527     540.702    slow 
NAND2X2           19      32.490    slow 
NAND2X4           17      53.489    slow 
NAND2X6            3      13.697    slow 
NAND2X8            1       5.250    slow 
NAND3BX1           4       8.208    slow 
NAND3BX2           3       9.234    slow 
NAND3BX4           1       5.130    slow 
NAND3BXL          48      82.080    slow 
NAND3X1         1150    1966.500    slow 
NAND3X2            7      19.152    slow 
NAND3X4            1       4.788    slow 
NAND4BBX4          1       7.866    slow 
NAND4BX1          48     114.912    slow 
NAND4BX4           2      15.048    slow 
NAND4X1           64     131.328    slow 
NOR2BX1           56      76.608    slow 
NOR2BX2            8      21.888    slow 
NOR2BX4            6      22.572    slow 
NOR2X1           128     131.328    slow 
NOR2X2            35      59.850    slow 
NOR2X4            37     113.886    slow 
NOR2X6            29     119.016    slow 
NOR2X8             1       5.472    slow 
NOR3BX1            7      14.364    slow 
NOR3BX4            1       5.814    slow 
NOR3X1             6      10.260    slow 
NOR3X2             1       2.736    slow 
NOR3X4             1       5.130    slow 
NOR4BX1            1       2.394    slow 
NOR4BX2            1       4.788    slow 
NOR4BX4            1       7.524    slow 
NOR4X1            35      59.850    slow 
NOR4X6             1       8.208    slow 
OA21X1             7      14.364    slow 
OA21X2             1       3.078    slow 
OA22X1             5      11.970    slow 
OAI211X1          21      35.910    slow 
OAI21X1           24      41.040    slow 
OAI21X2            7      21.546    slow 
OAI21X4            7      33.516    slow 
OAI221X1           2       4.788    slow 
OAI221X2           1       4.788    slow 
OAI222X1           4      10.944    slow 
OAI22X1            8      16.416    slow 
OAI22X2            5      17.100    slow 
OAI22X4            1       6.498    slow 
OAI2BB1X1        167     285.570    slow 
OAI2BB1X2          5      15.390    slow 
OAI2BB1X4          3      13.338    slow 
OAI2BB2X2          1       5.472    slow 
OAI31X1            1       2.052    slow 
OAI32X1            3       7.182    slow 
OR2X1             72      98.496    slow 
OR2X2            292     499.320    slow 
OR2X4             12      32.832    slow 
OR2XL              5       6.840    slow 
OR3X1             14      28.728    slow 
OR3X2              1       2.394    slow 
OR4X1            267     547.884    slow 
OR4X2              1       3.420    slow 
SDFFQX1         8320   62599.680    slow 
SDFFRHQX1       1522   12492.576    slow 
SDFFRHQX2         19     188.442    slow 
SDFFRX2           21     229.824    slow 
SDFFRX4            1      13.338    slow 
SDFFRXL            1      10.260    slow 
XNOR2X1           92     220.248    slow 
XNOR2X2            1       3.078    slow 
XOR2X4             1       4.104    slow 
-----------------------------------------
total          23673  105564.046         


                                           
     Type      Instances    Area    Area % 
-------------------------------------------
sequential         10121  77032.764   73.0 
inverter            1761   1587.906    1.5 
buffer               544    935.370    0.9 
logic              11247  26008.006   24.6 
physical_cells         0      0.000    0.0 
-------------------------------------------
total              23673 105564.046  100.0 

