============================================================
  Generated by:           Genus(TM) Synthesis Solution 21.14-s082_1
  Generated on:           Aug 07 2026  01:55:49 pm
  Module:                 soc_top
  Technology libraries:   slow 
                          physical_cells 
  Operating conditions:   slow 
  Interconnect mode:      global
  Area mode:              physical library
============================================================

 
  Hierarchy Report Format : 
 
    level instance ( module ) <status>
 
    status :    preserve_<value> -- indicating preserve hierachy or inherited_preserve value
           :    blackbox --  indicating  unresolved instance
 
==================================================================

 0 soc_top
  1 u_accel ( accel_top ) 
     2 u_sa ( systolic_array ) 
  1 u_cpu_u_rf ( reg_file ) 
  1 u_imem ( imem_rom ) 
